// Jest Snapshot v1, https://goo.gl/fbAQLP

exports[`<Main /> should render the heading 1`] = `
<div>
  <main
    class="sc-KXCwU fWeGQF"
  >
    <h1>
      React
    </h1>
  </main>
</div>
`;
